2026-08-15 15:29:36,719 - aqt.helper - DEBUG - helper 8525406912 Attempt to download checksum at https://download.qt.io/online/qtsdkrepository/windows_x86/desktop/qt6_6111/qt6_6111/Updates.xml.sha256
2026-08-15 15:29:37,640 - aqt.helper - DEBUG - helper 8525406912 Attempt to download checksum at https://download.qt.io/online/qtsdkrepository/windows_x86/desktop/qt6_6111/qt6_6111/Updates.xml.sha256
2026-08-15 15:29:38,616 - aqt.helper - DEBUG - helper 8525406912 Attempt to download checksum at https://download.qt.io/online/qtsdkrepository/windows_x86/desktop/qt6_6111/qt6_6111/Updates.xml.sha256
2026-08-15 15:29:39,552 - aqt.helper - DEBUG - helper 8525406912 Attempt to download checksum at https://download.qt.io/online/qtsdkrepository/windows_x86/desktop/qt6_6111/qt6_6111/Updates.xml.sha256
2026-08-15 15:29:40,456 - aqt.helper - DEBUG - helper 8525406912 Attempt to download checksum at https://download.qt.io/online/qtsdkrepository/windows_x86/desktop/qt6_6111/qt6_6111/Updates.xml.sha256
2026-08-15 15:29:41,388 - aqt.main - ERROR - installer 8525406912 Failed to download checksum for the file 'Updates.xml' from mirrors '['https://download.qt.io']
==============================Suggested follow-up:==============================
* Check your internet connection
* Consider modifying `requests.max_retries_to_retrieve_hash` in settings.ini
* Consider modifying `mirrors.trusted_mirrors` in settings.ini (see https://aqtinstall.readthedocs.io/en/stable/configuration.html#configuration)
* Please use 'aqt list-qt windows desktop' to show versions of Qt available.
2026-08-15 15:29:47,749 - aqt.helper - DEBUG - helper 8525406912 Attempt to download checksum at https://download.qt.io/online/qtsdkrepository/windows_x86/desktop/qt6_6100/qt6_6100/Updates.xml.sha256
2026-08-15 15:30:05,523 - aqt.helper - DEBUG - helper 8525406912 Attempt to download checksum at https://download.qt.io/online/qtsdkrepository/windows_x86/desktop/qt6_6110/qt6_6110/Updates.xml.sha256
2026-08-15 15:30:06,595 - aqt.helper - DEBUG - helper 8525406912 Attempt to download checksum at https://download.qt.io/online/qtsdkrepository/windows_x86/desktop/qt6_6110/qt6_6110/Updates.xml.sha256
2026-08-15 15:30:07,645 - aqt.helper - DEBUG - helper 8525406912 Attempt to download checksum at https://download.qt.io/online/qtsdkrepository/windows_x86/desktop/qt6_6110/qt6_6110/Updates.xml.sha256
2026-08-15 15:30:08,695 - aqt.helper - DEBUG - helper 8525406912 Attempt to download checksum at https://download.qt.io/online/qtsdkrepository/windows_x86/desktop/qt6_6110/qt6_6110/Updates.xml.sha256
2026-08-15 15:30:09,743 - aqt.helper - DEBUG - helper 8525406912 Attempt to download checksum at https://download.qt.io/online/qtsdkrepository/windows_x86/desktop/qt6_6110/qt6_6110/Updates.xml.sha256
2026-08-15 15:30:10,790 - aqt.main - ERROR - installer 8525406912 Failed to download checksum for the file 'Updates.xml' from mirrors '['https://download.qt.io']
==============================Suggested follow-up:==============================
* Check your internet connection
* Consider modifying `requests.max_retries_to_retrieve_hash` in settings.ini
* Consider modifying `mirrors.trusted_mirrors` in settings.ini (see https://aqtinstall.readthedocs.io/en/stable/configuration.html#configuration)
* Please use 'aqt list-qt windows desktop' to show versions of Qt available.
2026-08-15 15:30:11,082 - aqt.helper - DEBUG - helper 8525406912 Attempt to download checksum at https://download.qt.io/online/qtsdkrepository/windows_x86/desktop/qt6_6111/qt6_6111/Updates.xml.sha256
2026-08-15 15:30:12,082 - aqt.helper - DEBUG - helper 8525406912 Attempt to download checksum at https://download.qt.io/online/qtsdkrepository/windows_x86/desktop/qt6_6111/qt6_6111/Updates.xml.sha256
2026-08-15 15:30:13,109 - aqt.helper - DEBUG - helper 8525406912 Attempt to download checksum at https://download.qt.io/online/qtsdkrepository/windows_x86/desktop/qt6_6111/qt6_6111/Updates.xml.sha256
2026-08-15 15:30:14,204 - aqt.helper - DEBUG - helper 8525406912 Attempt to download checksum at https://download.qt.io/online/qtsdkrepository/windows_x86/desktop/qt6_6111/qt6_6111/Updates.xml.sha256
2026-08-15 15:30:15,212 - aqt.helper - DEBUG - helper 8525406912 Attempt to download checksum at https://download.qt.io/online/qtsdkrepository/windows_x86/desktop/qt6_6111/qt6_6111/Updates.xml.sha256
2026-08-15 15:30:16,261 - aqt.main - ERROR - installer 8525406912 Failed to download checksum for the file 'Updates.xml' from mirrors '['https://download.qt.io']
==============================Suggested follow-up:==============================
* Check your internet connection
* Consider modifying `requests.max_retries_to_retrieve_hash` in settings.ini
* Consider modifying `mirrors.trusted_mirrors` in settings.ini (see https://aqtinstall.readthedocs.io/en/stable/configuration.html#configuration)
* Please use 'aqt list-qt windows desktop' to show versions of Qt available.
2026-08-15 15:30:16,555 - aqt.helper - DEBUG - helper 8525406912 Attempt to download checksum at https://download.qt.io/online/qtsdkrepository/windows_x86/desktop/qt6_6112/qt6_6112/Updates.xml.sha256
2026-08-15 15:30:17,607 - aqt.helper - DEBUG - helper 8525406912 Attempt to download checksum at https://download.qt.io/online/qtsdkrepository/windows_x86/desktop/qt6_6112/qt6_6112/Updates.xml.sha256
2026-08-15 15:30:18,653 - aqt.helper - DEBUG - helper 8525406912 Attempt to download checksum at https://download.qt.io/online/qtsdkrepository/windows_x86/desktop/qt6_6112/qt6_6112/Updates.xml.sha256
2026-08-15 15:30:19,703 - aqt.helper - DEBUG - helper 8525406912 Attempt to download checksum at https://download.qt.io/online/qtsdkrepository/windows_x86/desktop/qt6_6112/qt6_6112/Updates.xml.sha256
2026-08-15 15:30:20,750 - aqt.helper - DEBUG - helper 8525406912 Attempt to download checksum at https://download.qt.io/online/qtsdkrepository/windows_x86/desktop/qt6_6112/qt6_6112/Updates.xml.sha256
2026-08-15 15:30:21,801 - aqt.main - ERROR - installer 8525406912 Failed to download checksum for the file 'Updates.xml' from mirrors '['https://download.qt.io']
==============================Suggested follow-up:==============================
* Check your internet connection
* Consider modifying `requests.max_retries_to_retrieve_hash` in settings.ini
* Consider modifying `mirrors.trusted_mirrors` in settings.ini (see https://aqtinstall.readthedocs.io/en/stable/configuration.html#configuration)
* Please use 'aqt list-qt windows desktop' to show versions of Qt available.
2026-08-15 15:31:08,870 - aqt.helper - DEBUG - helper 8525406912 Attempt to download checksum at https://download.qt.io/online/qtsdkrepository/windows_x86/desktop/qt6_6111/qt6_6111_msvc2022_64/Updates.xml.sha256
2026-08-15 15:31:10,892 - aqt.helper - DEBUG - helper 8525406912 Attempt to download checksum at https://download.qt.io/online/qtsdkrepository/windows_x86/desktop/qt6_6111/qt6_6111_msvc2022_arm64_cross_compiled/Updates.xml.sha256
2026-08-15 15:31:12,887 - aqt.helper - DEBUG - helper 8525406912 Attempt to download checksum at https://download.qt.io/online/qtsdkrepository/windows_x86/desktop/qt6_6111/qt6_6111_llvm_mingw/Updates.xml.sha256
2026-08-15 15:31:14,989 - aqt.helper - DEBUG - helper 8525406912 Attempt to download checksum at https://download.qt.io/online/qtsdkrepository/windows_x86/desktop/qt6_6111/qt6_6111_mingw/Updates.xml.sha256
